2026-10-05T22:52:06.677Z [INFO]: GET /uploads/5L8keRSwAk-1786967334171-68529487.png
2026-10-05T22:52:06.699Z [WARN]: 404 Path Not Found: GET /uploads/5L8keRSwAk-1786967334171-68529487.png
2026-10-05T22:52:06.711Z [INFO]: GET /uploads/E1urlSfHMP-1786967025307-212642079.png
2026-10-05T22:52:06.715Z [INFO]: GET /uploads/HTagMOQwKb-1785587036782-33971232.png
2026-10-05T22:52:06.720Z [WARN]: 404 Path Not Found: GET /uploads/E1urlSfHMP-1786967025307-212642079.png
2026-10-05T22:52:07.199Z [INFO]: GET /uploads/H37Z4h7PXD-1785586879209-584571496.png
2026-10-05T22:52:10.641Z [INFO]: OPTIONS /api/auth/logout
2026-10-05T22:52:10.658Z [INFO]: POST /api/auth/logout
2026-10-05T22:52:13.248Z [INFO]: OPTIONS /api/auth/signin/
2026-10-05T22:52:13.270Z [INFO]: POST /api/auth/signin/
2026-10-05T22:52:24.113Z [INFO]: OPTIONS /api/auth/signin/
2026-10-05T22:52:24.293Z [INFO]: POST /api/auth/signin/
2026-10-05T22:52:46.146Z [INFO]: OPTIONS /api/auth/signin/
2026-10-05T22:52:46.169Z [INFO]: POST /api/auth/signin/
2026-10-05T22:54:53.840Z [INFO]: OPTIONS /api/auth/signin/
2026-10-05T22:54:53.863Z [INFO]: POST /api/auth/signin/
2026-10-05T22:59:25.272Z [INFO]: OPTIONS /api/auth/signin/
2026-10-05T22:59:25.468Z [INFO]: POST /api/auth/signin/
2026-10-05T23:05:08.109Z [INFO]: OPTIONS /api/auth/signin/
2026-10-05T23:05:08.192Z [INFO]: POST /api/auth/signin/
2026-10-05T23:06:28.730Z [INFO]: OPTIONS /api/auth/signin/
2026-10-05T23:06:28.816Z [INFO]: POST /api/auth/signin/
2026-10-05T23:07:34.114Z [INFO]: OPTIONS /api/auth/signin/
2026-10-05T23:07:34.167Z [INFO]: POST /api/auth/signin/
2026-10-05T23:07:57.094Z [INFO]: OPTIONS /api/auth/signin/
2026-10-05T23:07:57.120Z [INFO]: POST /api/auth/signin/
2026-10-05T23:08:08.109Z [INFO]: OPTIONS /api/auth/signin/
2026-10-05T23:08:08.132Z [INFO]: POST /api/auth/signin/
2026-10-05T23:10:31.532Z [INFO]: OPTIONS /api/auth/signin/
2026-10-05T23:10:31.574Z [INFO]: POST /api/auth/signin/
2026-10-05T23:10:33.717Z [INFO]: OPTIONS /api/auth/user/
2026-10-05T23:10:33.728Z [INFO]: OPTIONS /api/order/orderlist
2026-10-05T23:10:33.786Z [INFO]: GET /api/auth/user/
2026-10-05T23:10:34.221Z [INFO]: GET /api/order/orderlist
2026-10-05T23:10:52.863Z [INFO]: OPTIONS /api/auth/logout
2026-10-05T23:10:52.883Z [INFO]: POST /api/auth/logout
2026-10-05T23:11:00.710Z [INFO]: OPTIONS /api/auth/signin/
2026-10-05T23:11:00.737Z [INFO]: POST /api/auth/signin/
2026-10-05T23:11:02.028Z [INFO]: OPTIONS /api/auth/user/
2026-10-05T23:11:02.034Z [INFO]: OPTIONS /api/order/orderlist
2026-10-05T23:11:02.069Z [INFO]: GET /api/auth/user/
2026-10-05T23:11:02.088Z [INFO]: GET /api/order/orderlist
2026-10-05T23:11:10.815Z [INFO]: OPTIONS /api/catalog/catalogs
2026-10-05T23:11:10.869Z [INFO]: OPTIONS /api/catalog/catalogs
2026-10-05T23:11:10.908Z [INFO]: GET /api/catalog/catalogs
2026-10-05T23:11:10.936Z [INFO]: GET /api/catalog/catalogs
2026-10-05T23:11:16.665Z [INFO]: OPTIONS /api/order/orderlistadmin
2026-10-05T23:11:16.673Z [INFO]: OPTIONS /api/auth/designers/dropdown
2026-10-05T23:11:16.738Z [INFO]: GET /api/order/orderlistadmin
2026-10-05T23:11:16.764Z [INFO]: GET /api/auth/designers/dropdown
2026-10-05T23:11:31.039Z [INFO]: OPTIONS /api/category/categories
2026-10-05T23:11:31.044Z [INFO]: OPTIONS /api/color/colors/dropdown
2026-10-05T23:11:31.047Z [INFO]: OPTIONS /api/category/categories
2026-10-05T23:11:31.086Z [INFO]: GET /api/category/categories
2026-10-05T23:11:31.113Z [INFO]: GET /api/color/colors/dropdown
2026-10-05T23:11:31.124Z [INFO]: GET /api/category/categories
2026-10-05T23:11:31.393Z [INFO]: GET /uploads/empty-wallet-tick-1765540390618-411814263.png
2026-10-05T23:11:31.398Z [INFO]: GET /uploads/empty-wallet-tick-1764876270574-434239451.png
2026-10-05T23:11:31.405Z [INFO]: GET /uploads/empty-wallet-tick-1764786186817-912808429.png
2026-10-05T23:11:36.066Z [INFO]: OPTIONS /api/materialshade/materialshades
2026-10-05T23:11:36.121Z [INFO]: OPTIONS /api/catalog/catalogs-with-category
2026-10-05T23:11:36.262Z [INFO]: OPTIONS /api/device/devices/
2026-10-05T23:11:36.286Z [INFO]: GET /api/device/devices/
2026-10-05T23:11:36.298Z [INFO]: GET /api/materialshade/materialshades
2026-10-05T23:11:36.324Z [INFO]: GET /api/catalog/catalogs-with-category
2026-10-05T23:11:43.722Z [INFO]: OPTIONS /api/materialshade/materialshades
2026-10-05T23:11:43.725Z [INFO]: OPTIONS /api/catalog/catalogs-with-category
2026-10-05T23:11:43.731Z [INFO]: OPTIONS /api/device/devices/
2026-10-05T23:11:43.796Z [INFO]: GET /api/materialshade/materialshades
2026-10-05T23:11:43.804Z [INFO]: GET /api/catalog/catalogs-with-category
2026-10-05T23:11:43.813Z [INFO]: GET /api/device/devices/
2026-10-05T23:11:44.083Z [INFO]: GET /uploads/empty-wallet-tick-1765540390618-411814263.png
2026-10-05T23:11:44.091Z [INFO]: GET /uploads/empty-wallet-tick-1764786186817-912808429.png
2026-10-05T23:11:44.112Z [INFO]: GET /uploads/empty-wallet-tick-1764876270574-434239451.png
2026-10-05T23:11:49.995Z [INFO]: OPTIONS /api/auth/user/
2026-10-05T23:11:50.016Z [INFO]: OPTIONS /api/category/categories
2026-10-05T23:11:50.021Z [INFO]: OPTIONS /api/catalog/catalogs
2026-10-05T23:11:50.079Z [INFO]: OPTIONS /api/category/categories
2026-10-05T23:11:50.084Z [INFO]: OPTIONS /api/color/colors/dropdown
2026-10-05T23:11:50.087Z [INFO]: GET /api/auth/user/
2026-10-05T23:11:50.100Z [INFO]: GET /api/category/categories
2026-10-05T23:11:50.121Z [INFO]: GET /api/catalog/catalogs
2026-10-05T23:11:50.131Z [INFO]: GET /api/category/categories
2026-10-05T23:11:50.146Z [INFO]: GET /api/color/colors/dropdown
2026-10-05T23:12:40.809Z [INFO]: OPTIONS /api/category/categories
2026-10-05T23:12:40.857Z [INFO]: GET /api/category/categories
