2025-12-13T19:39:36.775Z [ERROR]: Cannot set property query of #<IncomingMessage> which has only a getter - POST /api/auth/signin
2025-12-14T14:34:16.857Z [ERROR]: Cannot set property query of #<IncomingMessage> which has only a getter - OPTIONS /api/auth/signin/
2025-12-14T14:38:52.564Z [ERROR]: Cannot set property query of #<IncomingMessage> which has only a getter - POST /api/auth/signin/
2025-12-14T14:39:23.951Z [ERROR]: Cannot set property query of #<IncomingMessage> which has only a getter - POST /api/auth/signin/
2025-12-14T14:47:19.186Z [ERROR]: Not allowed by CORS - POST /api/auth/signin/
2025-12-14T14:47:32.868Z [ERROR]: Not allowed by CORS - POST /api/auth/signin/
2026-02-10T13:50:34.330Z [ERROR]: Not allowed by CORS - POST /api/auth/signin/
2026-02-10T13:51:46.260Z [ERROR]: Not allowed by CORS - POST /api/auth/signin/
2026-02-10T13:52:17.279Z [ERROR]: Not allowed by CORS - POST /api/auth/signin/
2026-02-11T10:46:35.595Z [ERROR]: Not allowed by CORS - POST /api/auth/signin/
2026-02-12T08:10:06.982Z [ERROR]: Not allowed by CORS - POST /api/auth/signin/
2026-02-18T15:49:11.990Z [ERROR]: Not allowed by CORS - POST /api/auth/signin/
2026-08-04T19:22:18.111Z [ERROR]: Not allowed by CORS - OPTIONS /api/auth/user/
2026-08-04T19:22:18.118Z [ERROR]: Not allowed by CORS - OPTIONS /api/materialshade/materialshades
2026-08-04T19:22:18.123Z [ERROR]: Not allowed by CORS - OPTIONS /api/color/colors/
2026-08-04T19:22:18.130Z [ERROR]: Not allowed by CORS - OPTIONS /api/materialshade/materialshades
2026-08-04T19:22:19.159Z [ERROR]: Not allowed by CORS - OPTIONS /api/auth/user/
2026-08-04T19:22:19.165Z [ERROR]: Not allowed by CORS - OPTIONS /api/materialshade/materialshades
2026-08-04T19:22:19.187Z [ERROR]: Not allowed by CORS - OPTIONS /api/color/colors/
2026-08-04T19:22:19.189Z [ERROR]: Not allowed by CORS - OPTIONS /api/materialshade/materialshades
2026-08-04T19:22:21.182Z [ERROR]: Not allowed by CORS - OPTIONS /api/auth/user/
2026-08-04T19:22:21.200Z [ERROR]: Not allowed by CORS - OPTIONS /api/materialshade/materialshades
2026-08-04T19:22:21.203Z [ERROR]: Not allowed by CORS - OPTIONS /api/color/colors/
2026-08-04T19:22:21.251Z [ERROR]: Not allowed by CORS - OPTIONS /api/materialshade/materialshades
2026-08-04T19:22:25.821Z [ERROR]: Not allowed by CORS - OPTIONS /api/auth/user/
2026-08-04T19:22:25.828Z [ERROR]: Not allowed by CORS - OPTIONS /api/materialshade/materialshades
2026-08-04T19:22:25.842Z [ERROR]: Not allowed by CORS - OPTIONS /api/color/colors/
2026-08-04T19:22:25.848Z [ERROR]: Not allowed by CORS - OPTIONS /api/materialshade/materialshades
2026-08-04T19:22:28.284Z [ERROR]: Not allowed by CORS - OPTIONS /api/auth/user/
2026-08-04T19:22:28.290Z [ERROR]: Not allowed by CORS - OPTIONS /api/materialshade/materialshades
2026-08-04T19:22:28.306Z [ERROR]: Not allowed by CORS - OPTIONS /api/color/colors/
2026-08-04T19:22:28.335Z [ERROR]: Not allowed by CORS - OPTIONS /api/materialshade/materialshades
2026-08-04T19:22:29.377Z [ERROR]: Not allowed by CORS - OPTIONS /api/auth/user/
2026-08-04T19:22:29.386Z [ERROR]: Not allowed by CORS - OPTIONS /api/materialshade/materialshades
2026-08-04T19:22:29.390Z [ERROR]: Not allowed by CORS - OPTIONS /api/color/colors/
2026-08-04T19:22:29.430Z [ERROR]: Not allowed by CORS - OPTIONS /api/materialshade/materialshades
2026-08-04T19:22:31.402Z [ERROR]: Not allowed by CORS - OPTIONS /api/auth/user/
2026-08-04T19:22:31.419Z [ERROR]: Not allowed by CORS - OPTIONS /api/materialshade/materialshades
2026-08-04T19:22:31.425Z [ERROR]: Not allowed by CORS - OPTIONS /api/color/colors/
2026-08-04T19:22:31.506Z [ERROR]: Not allowed by CORS - OPTIONS /api/materialshade/materialshades
2026-08-04T19:22:35.468Z [ERROR]: Not allowed by CORS - OPTIONS /api/auth/user/
2026-08-04T19:22:35.483Z [ERROR]: Not allowed by CORS - OPTIONS /api/materialshade/materialshades
2026-08-04T19:22:35.492Z [ERROR]: Not allowed by CORS - OPTIONS /api/color/colors/
2026-08-04T19:22:35.746Z [ERROR]: Not allowed by CORS - OPTIONS /api/materialshade/materialshades
2026-08-04T19:27:16.508Z [ERROR]: Not allowed by CORS - OPTIONS /api/auth/user/
2026-08-04T19:27:16.517Z [ERROR]: Not allowed by CORS - OPTIONS /api/materialshade/materialshades
2026-08-04T19:27:16.533Z [ERROR]: Not allowed by CORS - OPTIONS /api/materialshade/materialshades
2026-08-04T19:27:16.545Z [ERROR]: Not allowed by CORS - OPTIONS /api/color/colors/
2026-08-04T19:27:17.569Z [ERROR]: Not allowed by CORS - OPTIONS /api/auth/user/
2026-08-04T19:27:17.573Z [ERROR]: Not allowed by CORS - OPTIONS /api/materialshade/materialshades
2026-08-04T19:27:17.585Z [ERROR]: Not allowed by CORS - OPTIONS /api/materialshade/materialshades
2026-08-04T19:27:17.597Z [ERROR]: Not allowed by CORS - OPTIONS /api/color/colors/
